URL: file:C:\Users\anmol\Downloads\Hackathon\prisma\dev.db
node : C:\Users\anmol\Down
loads\Hackathon\node_modul
es\.prisma\client\default.
js:43
At line:1 char:1
+ node test.js > test.log 
2>&1
+ ~~~~~~~~~~~~~~~~~~~~~~~~
~~~~
    + CategoryInfo        
      : NotSpecified: (C  
  :\Users\anmol\...t\de   
 fault.js:43:String) [    
], RemoteException
    + FullyQualifiedError 
   Id : NativeCommandErr  
  or
 
    throw new 
Error('@prisma/client did 
not initialize yet. 
Please run "prisma 
generate" and try to 
import it again.');
    ^

Error: @prisma/client did 
not initialize yet. 
Please run "prisma 
generate" and try to 
import it again.
    at new PrismaClient (C
:\Users\anmol\Downloads\Ha
ckathon\node_modules\.pris
ma\client\default.js:43:11
)
    at Object.<anonymous> 
(C:\Users\anmol\Downloads\
Hackathon\test.js:5:16)
    at Module._compile (no
de:internal/modules/cjs/lo
ader:1565:14)
    at Object..js (node:in
ternal/modules/cjs/loader:
1708:10)
    at Module.load (node:i
nternal/modules/cjs/loader
:1318:32)
    at Function._load (nod
e:internal/modules/cjs/loa
der:1128:12)
    at 
TracingChannel.traceSync (
node:diagnostics_channel:3
22:14)
    at wrapModuleLoad (nod
e:internal/modules/cjs/loa
der:219:24)
    at Function.executeUse
rEntryPoint [as runMain] (
node:internal/modules/run_
main:170:5)
    at node:internal/main/
run_main_module:36:49

Node.js v22.12.0
